==> water small dynamic aenet ranks=1 trial=1
==> water small dynamic accelnet-direct ranks=1 trial=1
==> water small dynamic accelnet-moment ranks=1 trial=1
==> water small dynamic aenet ranks=1 trial=2
==> water small dynamic accelnet-direct ranks=1 trial=2
==> water small dynamic accelnet-moment ranks=1 trial=2
==> water small dynamic aenet ranks=1 trial=3
==> water small dynamic accelnet-direct ranks=1 trial=3
==> water small dynamic accelnet-moment ranks=1 trial=3
==> water small dynamic aenet ranks=1 trial=4
==> water small dynamic accelnet-direct ranks=1 trial=4
==> water small dynamic accelnet-moment ranks=1 trial=4
==> water small dynamic aenet ranks=1 trial=5
==> water small dynamic accelnet-direct ranks=1 trial=5
==> water small dynamic accelnet-moment ranks=1 trial=5
==> water small dynamic aenet ranks=2 trial=1
==> water small dynamic accelnet-direct ranks=2 trial=1
==> water small dynamic accelnet-moment ranks=2 trial=1
==> water small dynamic aenet ranks=2 trial=2
==> water small dynamic accelnet-direct ranks=2 trial=2
==> water small dynamic accelnet-moment ranks=2 trial=2
==> water small dynamic aenet ranks=2 trial=3
==> water small dynamic accelnet-direct ranks=2 trial=3
==> water small dynamic accelnet-moment ranks=2 trial=3
==> water small dynamic aenet ranks=2 trial=4
==> water small dynamic accelnet-direct ranks=2 trial=4
==> water small dynamic accelnet-moment ranks=2 trial=4
==> water small dynamic aenet ranks=2 trial=5
==> water small dynamic accelnet-direct ranks=2 trial=5
==> water small dynamic accelnet-moment ranks=2 trial=5
==> tio2 small dynamic aenet ranks=1 trial=1
==> tio2 small dynamic accelnet-direct ranks=1 trial=1
==> tio2 small dynamic accelnet-moment ranks=1 trial=1
==> tio2 small dynamic aenet ranks=1 trial=2
==> tio2 small dynamic accelnet-direct ranks=1 trial=2
==> tio2 small dynamic accelnet-moment ranks=1 trial=2
==> tio2 small dynamic aenet ranks=1 trial=3
==> tio2 small dynamic accelnet-direct ranks=1 trial=3
==> tio2 small dynamic accelnet-moment ranks=1 trial=3
==> tio2 small dynamic aenet ranks=1 trial=4
==> tio2 small dynamic accelnet-direct ranks=1 trial=4
==> tio2 small dynamic accelnet-moment ranks=1 trial=4
==> tio2 small dynamic aenet ranks=1 trial=5
==> tio2 small dynamic accelnet-direct ranks=1 trial=5
==> tio2 small dynamic accelnet-moment ranks=1 trial=5
==> tio2 small dynamic aenet ranks=2 trial=1
==> tio2 small dynamic accelnet-direct ranks=2 trial=1
==> tio2 small dynamic accelnet-moment ranks=2 trial=1
==> tio2 small dynamic aenet ranks=2 trial=2
==> tio2 small dynamic accelnet-direct ranks=2 trial=2
==> tio2 small dynamic accelnet-moment ranks=2 trial=2
==> tio2 small dynamic aenet ranks=2 trial=3
==> tio2 small dynamic accelnet-direct ranks=2 trial=3
==> tio2 small dynamic accelnet-moment ranks=2 trial=3
==> tio2 small dynamic aenet ranks=2 trial=4
==> tio2 small dynamic accelnet-direct ranks=2 trial=4
==> tio2 small dynamic accelnet-moment ranks=2 trial=4
==> tio2 small dynamic aenet ranks=2 trial=5
==> tio2 small dynamic accelnet-direct ranks=2 trial=5
==> tio2 small dynamic accelnet-moment ranks=2 trial=5
Benchmark completed: /home/yuki/AccelNet-lammps/linux/results/variant-run-20260802-200359
Summary: /home/yuki/AccelNet-lammps/linux/results/variant-run-20260802-200359/summary.tsv
